2022/08/07 16:15:22 [error] 16180#22892: *1 CreateFile() "G:\java\nginx-1.22.0\nginx-1.22.0/html/favicon.ico" failed (2: The system cannot find the file specified), client: 127.0.0.1, server: localhost, request: "GET /favicon.ico HTTP/1.1", host: "localhost", referrer: "http://localhost/"
2022/08/07 16:21:28 [emerg] 9472#21688: "proxy_pass" cannot have URI part in location given by regular expression, or inside named location, or inside "if" statement, or inside "limit_except" block in G:\java\nginx-1.22.0\nginx-1.22.0/conf/nginx.conf:48
2022/08/07 16:41:15 [error] 22096#17428: *5 CreateFile() "G:\java\nginx-1.22.0\nginx-1.22.0/html/song/getPartSongList" failed (3: The system cannot find the path specified), client: 127.0.0.1, server: localhost, request: "GET /song/getPartSongList HTTP/1.1", host: "localhost"
2022/08/07 16:41:50 [error] 22096#17428: *5 CreateFile() "G:\java\nginx-1.22.0\nginx-1.22.0/html/song/getPartSong" failed (3: The system cannot find the path specified), client: 127.0.0.1, server: localhost, request: "GET /song/getPartSong HTTP/1.1", host: "localhost"
2022/08/07 16:41:53 [error] 22096#17428: *5 CreateFile() "G:\java\nginx-1.22.0\nginx-1.22.0/html/song/getPartSong" failed (3: The system cannot find the path specified), client: 127.0.0.1, server: localhost, request: "GET /song/getPartSong HTTP/1.1", host: "localhost"
2022/08/07 16:42:02 [error] 22096#17428: *5 CreateFile() "G:\java\nginx-1.22.0\nginx-1.22.0/html/song/getPartSong" failed (3: The system cannot find the path specified), client: 127.0.0.1, server: localhost, request: "GET /song/getPartSong HTTP/1.1", host: "localhost"
2022/08/07 16:42:03 [error] 22096#17428: *5 CreateFile() "G:\java\nginx-1.22.0\nginx-1.22.0/html/song/getPartSong" failed (3: The system cannot find the path specified), client: 127.0.0.1, server: localhost, request: "GET /song/getPartSong HTTP/1.1", host: "localhost"
2022/08/07 16:44:25 [notice] 3728#648: signal process started
2022/08/07 16:45:02 [notice] 18320#12156: signal process started
2022/08/07 16:47:29 [notice] 1992#22580: signal process started
2022/08/07 16:50:19 [notice] 15868#22540: signal process started
2022/08/07 17:21:21 [notice] 7400#4924: signal process started
2022/08/07 18:58:30 [notice] 5356#16724: signal process started
2022/08/07 19:30:02 [notice] 24308#16748: signal process started
2022/08/07 21:58:57 [notice] 18616#16720: signal process started
2022/08/07 23:09:13 [notice] 14868#17380: signal process started
2022/08/07 23:09:34 [notice] 15908#9000: signal process started
2022/08/07 23:09:41 [error] 22612#20856: *507 connect() failed (10061: No connection could be made because the target machine actively refused it) while connecting to upstream, client: 192.168.0.105, server: localhost, request: "OPTIONS /carousel/getAllCarousel HTTP/1.1", upstream: "http://[::1]:8083/carousel/getAllCarousel", host: "192.168.0.105"
2022/08/07 23:09:41 [error] 22612#20856: *512 connect() failed (10061: No connection could be made because the target machine actively refused it) while connecting to upstream, client: 192.168.0.105, server: localhost, request: "OPTIONS /song/getPartSong HTTP/1.1", upstream: "http://127.0.0.1:8083/song/getPartSong", host: "192.168.0.105"
2022/08/07 23:09:41 [error] 22612#20856: *512 no live upstreams while connecting to upstream, client: 192.168.0.105, server: localhost, request: "OPTIONS /song/getPartSong HTTP/1.1", upstream: "http://localhost/song/getPartSong", host: "192.168.0.105"
2022/08/07 23:09:41 [error] 22612#20856: *509 connect() failed (10061: No connection could be made because the target machine actively refused it) while connecting to upstream, client: 192.168.0.105, server: localhost, request: "OPTIONS /songList/getPartSongList HTTP/1.1", upstream: "http://127.0.0.1:8083/songList/getPartSongList", host: "192.168.0.105"
2022/08/07 23:09:41 [error] 22612#20856: *509 no live upstreams while connecting to upstream, client: 192.168.0.105, server: localhost, request: "OPTIONS /songList/getPartSongList HTTP/1.1", upstream: "http://localhost/songList/getPartSongList", host: "192.168.0.105"
2022/08/07 23:09:41 [error] 22612#20856: *511 connect() failed (10061: No connection could be made because the target machine actively refused it) while connecting to upstream, client: 192.168.0.105, server: localhost, request: "OPTIONS /singer/getPartSinger HTTP/1.1", upstream: "http://[::1]:8083/singer/getPartSinger", host: "192.168.0.105"
2022/08/07 23:09:41 [error] 22612#20856: *511 no live upstreams while connecting to upstream, client: 192.168.0.105, server: localhost, request: "OPTIONS /singer/getPartSinger HTTP/1.1", upstream: "http://localhost/singer/getPartSinger", host: "192.168.0.105"
2022/08/07 23:09:43 [error] 22612#20856: *507 connect() failed (10061: No connection could be made because the target machine actively refused it) while connecting to upstream, client: 192.168.0.105, server: localhost, request: "OPTIONS /carousel/getAllCarousel HTTP/1.1", upstream: "http://127.0.0.1:8083/carousel/getAllCarousel", host: "192.168.0.105"
2022/08/07 23:10:18 [error] 22612#20856: *509 no live upstreams while connecting to upstream, client: 192.168.0.105, server: localhost, request: "OPTIONS /singer/getPartSinger HTTP/1.1", upstream: "http://localhost/singer/getPartSinger", host: "192.168.0.105"
2022/08/07 23:10:18 [error] 22612#20856: *512 no live upstreams while connecting to upstream, client: 192.168.0.105, server: localhost, request: "OPTIONS /song/getPartSong HTTP/1.1", upstream: "http://localhost/song/getPartSong", host: "192.168.0.105"
2022/08/07 23:10:23 [error] 22612#20856: *506 CreateFile() "G:\java\nginx-1.22.0\nginx-1.22.0/html/dist/img/va.jpg" failed (2: The system cannot find the file specified), client: 127.0.0.1, server: localhost, request: "GET /img/va.jpg HTTP/1.1", host: "localhost"
2022/08/07 23:10:29 [error] 22612#20856: *505 CreateFile() "G:\java\nginx-1.22.0\nginx-1.22.0/html/dist/img/va.jpg" failed (2: The system cannot find the file specified), client: 127.0.0.1, server: localhost, request: "GET /img/va.jpg HTTP/1.1", host: "localhost"
2022/08/07 23:10:36 [error] 22612#20856: *506 CreateFile() "G:\java\nginx-1.22.0\nginx-1.22.0/html/dist/img/va.jpg" failed (2: The system cannot find the file specified), client: 127.0.0.1, server: localhost, request: "GET /img/va.jpg HTTP/1.1", host: "localhost"
2022/08/08 14:35:22 [emerg] 23104#17292: "proxy_pass" cannot have URI part in location given by regular expression, or inside named location, or inside "if" statement, or inside "limit_except" block in G:\java\nginx-1.22.0\nginx-1.22.0/conf/nginx.conf:54
2022/08/08 14:35:48 [notice] 8388#9820: signal process started
2022/08/08 14:35:50 [notice] 15208#5340: signal process started
2022/08/08 14:36:01 [emerg] 20684#3412: "proxy_pass" cannot have URI part in location given by regular expression, or inside named location, or inside "if" statement, or inside "limit_except" block in G:\java\nginx-1.22.0\nginx-1.22.0/conf/nginx.conf:51
2022/08/08 14:38:07 [emerg] 18812#15540: "proxy_pass" cannot have URI part in location given by regular expression, or inside named location, or inside "if" statement, or inside "limit_except" block in G:\java\nginx-1.22.0\nginx-1.22.0/conf/nginx.conf:51
2022/08/08 14:38:26 [notice] 13116#21776: signal process started
2022/08/08 14:38:28 [notice] 5904#12548: signal process started
2022/08/08 14:38:39 [notice] 15640#9080: signal process started
2022/08/08 14:38:40 [notice] 8532#10208: signal process started
2022/08/08 14:38:46 [error] 16588#19260: *56 CreateFile() "G:\java\nginx-1.22.0\nginx-1.22.0/html/dist/singer/getList" failed (3: The system cannot find the path specified), client: 127.0.0.1, server: localhost, request: "GET /singer/getList HTTP/1.1", host: "localhost", referrer: "http://localhost:8080/"
2022/08/08 14:38:46 [error] 16588#19260: *57 CreateFile() "G:\java\nginx-1.22.0\nginx-1.22.0/html/dist/singer/getSingerPage" failed (3: The system cannot find the path specified), client: 127.0.0.1, server: localhost, request: "GET /singer/getSingerPage?likeName=&currentPage=1&pageSize=5 HTTP/1.1", host: "localhost", referrer: "http://localhost:8080/"
2022/08/08 14:38:56 [error] 16588#19260: *59 CreateFile() "G:\java\nginx-1.22.0\nginx-1.22.0/html/dist/songList/songListGetAll" failed (3: The system cannot find the path specified), client: 127.0.0.1, server: localhost, request: "GET /songList/songListGetAll HTTP/1.1", host: "localhost", referrer: "http://localhost:8080/"
2022/08/08 14:38:56 [error] 16588#19260: *60 CreateFile() "G:\java\nginx-1.22.0\nginx-1.22.0/html/dist/songList/songListGetPage" failed (3: The system cannot find the path specified), client: 127.0.0.1, server: localhost, request: "GET /songList/songListGetPage?currentPage=1&pageSize=5&likeNameOne= HTTP/1.1", host: "localhost", referrer: "http://localhost:8080/"
2022/08/08 14:39:49 [notice] 19668#6044: signal process started
2022/08/08 14:39:50 [notice] 7768#6028: signal process started
2022/08/08 14:39:57 [error] 22768#7152: *62 CreateFile() "G:\java\nginx-1.22.0\nginx-1.22.0/html/dist/loginController/consumerIsLogin" failed (3: The system cannot find the path specified), client: 127.0.0.1, server: localhost, request: "GET /loginController/consumerIsLogin HTTP/1.1", host: "localhost", referrer: "http://localhost:8080/"
2022/08/08 14:39:57 [error] 22768#7152: *63 CreateFile() "G:\java\nginx-1.22.0\nginx-1.22.0/html/dist/songList/songListGetAll" failed (3: The system cannot find the path specified), client: 127.0.0.1, server: localhost, request: "GET /songList/songListGetAll HTTP/1.1", host: "localhost", referrer: "http://localhost:8080/"
2022/08/08 14:39:57 [error] 22768#7152: *64 CreateFile() "G:\java\nginx-1.22.0\nginx-1.22.0/html/dist/songList/songListGetPage" failed (3: The system cannot find the path specified), client: 127.0.0.1, server: localhost, request: "GET /songList/songListGetPage?currentPage=1&pageSize=5&likeNameOne= HTTP/1.1", host: "localhost", referrer: "http://localhost:8080/"
2022/08/08 14:40:17 [notice] 8912#808: signal process started
2022/08/08 14:40:18 [notice] 15488#15784: signal process started
2022/08/08 14:40:50 [notice] 5232#8060: signal process started
2022/08/08 14:40:52 [notice] 16864#13332: signal process started
2022/08/08 14:40:54 [error] 23008#1608: *83 CreateFile() "G:\java\nginx-1.22.0\nginx-1.22.0/html/dist/consumer/consumerListGetAll" failed (3: The system cannot find the path specified), client: 127.0.0.1, server: localhost, request: "GET /consumer/consumerListGetAll HTTP/1.1", host: "localhost", referrer: "http://localhost:8080/"
2022/08/08 14:40:54 [error] 23008#1608: *84 CreateFile() "G:\java\nginx-1.22.0\nginx-1.22.0/html/dist/consumer/consumerListGetPage" failed (3: The system cannot find the path specified), client: 127.0.0.1, server: localhost, request: "GET /consumer/consumerListGetPage?likeName=&currentPage=1&pageSize=5 HTTP/1.1", host: "localhost", referrer: "http://localhost:8080/"
2022/08/08 14:40:58 [error] 23008#1608: *86 CreateFile() "G:\java\nginx-1.22.0\nginx-1.22.0/html/dist/singer/getList" failed (3: The system cannot find the path specified), client: 127.0.0.1, server: localhost, request: "GET /singer/getList HTTP/1.1", host: "localhost", referrer: "http://localhost:8080/"
2022/08/08 14:40:58 [error] 23008#1608: *87 CreateFile() "G:\java\nginx-1.22.0\nginx-1.22.0/html/dist/singer/getSingerPage" failed (3: The system cannot find the path specified), client: 127.0.0.1, server: localhost, request: "GET /singer/getSingerPage?likeName=&currentPage=1&pageSize=5 HTTP/1.1", host: "localhost", referrer: "http://localhost:8080/"
2022/08/08 14:41:45 [notice] 9648#21428: signal process started
2022/08/08 14:41:45 [notice] 13576#13248: signal process started
2022/08/08 14:41:46 [notice] 13008#14288: signal process started
2022/08/08 14:41:46 [notice] 18764#10660: signal process started
2022/08/08 14:44:09 [notice] 23428#3040: signal process started
2022/08/08 14:45:11 [error] 9528#14196: *115 connect() failed (10060: A connection attempt failed because the connected party did not properly respond after a period of time, or established connection failed because connected host has failed to respond) while connecting to upstream, client: 127.0.0.1, server: localhost, request: "OPTIONS /aa/consumer/consumerListGetAll HTTP/1.1", upstream: "http://120.25.161.31:8083/consumer/consumerListGetAll", host: "localhost", referrer: "http://localhost:8080/"
2022/08/08 14:45:11 [error] 9528#14196: *116 connect() failed (10060: A connection attempt failed because the connected party did not properly respond after a period of time, or established connection failed because connected host has failed to respond) while connecting to upstream, client: 127.0.0.1, server: localhost, request: "OPTIONS /aa/consumer/consumerListGetPage?likeName=&currentPage=1&pageSize=5 HTTP/1.1", upstream: "http://120.25.161.31:8083/consumer/consumerListGetPage?likeName=&currentPage=1&pageSize=5", host: "localhost", referrer: "http://localhost:8080/"
2022/08/08 14:45:31 [emerg] 16232#22164: "proxy_pass" cannot have URI part in location given by regular expression, or inside named location, or inside "if" statement, or inside "limit_except" block in G:\java\nginx-1.22.0\nginx-1.22.0/conf/nginx.conf:57
2022/08/08 14:46:13 [emerg] 20996#12480: "proxy_pass" cannot have URI part in location given by regular expression, or inside named location, or inside "if" statement, or inside "limit_except" block in G:\java\nginx-1.22.0\nginx-1.22.0/conf/nginx.conf:57
2022/08/08 14:46:21 [notice] 1048#11624: signal process started
2022/08/08 14:47:39 [notice] 17632#16652: signal process started
2022/08/08 14:47:40 [notice] 16080#22356: signal process started
2022/08/08 14:50:43 [notice] 9880#23728: signal process started
2022/08/08 17:46:11 [notice] 3912#22464: signal process started
2022/08/08 17:46:11 [notice] 12668#11816: signal process started
2022/08/08 17:46:15 [notice] 10808#5540: signal process started
2022/08/09 16:54:17 [error] 1112#8876: *70 connect() failed (10061: No connection could be made because the target machine actively refused it) while connecting to upstream, client: 192.168.0.105, server: localhost, request: "GET /product/getAllVIPProduct HTTP/1.1", upstream: "http://127.0.0.1:8081/product/getAllVIPProduct", host: "192.168.0.105"
2022/08/09 16:54:19 [error] 1112#8876: *70 connect() failed (10061: No connection could be made because the target machine actively refused it) while connecting to upstream, client: 192.168.0.105, server: localhost, request: "GET /product/getAllVIPProduct HTTP/1.1", upstream: "http://[::1]:8081/product/getAllVIPProduct", host: "192.168.0.105"
2022/08/09 21:58:47 [error] 1112#8876: *453 connect() failed (10061: No connection could be made because the target machine actively refused it) while connecting to upstream, client: 192.168.0.105, server: localhost, request: "OPTIONS /order/getOrderByConId HTTP/1.1", upstream: "http://127.0.0.1:8081/order/getOrderByConId", host: "192.168.0.105"
2022/08/09 21:58:48 [error] 1112#8876: *455 connect() failed (10061: No connection could be made because the target machine actively refused it) while connecting to upstream, client: 192.168.0.105, server: localhost, request: "OPTIONS /order/getOrderByConId HTTP/1.1", upstream: "http://[::1]:8081/order/getOrderByConId", host: "192.168.0.105"
2022/08/09 21:58:48 [error] 1112#8876: *455 no live upstreams while connecting to upstream, client: 192.168.0.105, server: localhost, request: "OPTIONS /order/getOrderByConId HTTP/1.1", upstream: "http://localhost/order/getOrderByConId", host: "192.168.0.105"
2022/08/09 21:58:50 [error] 1112#8876: *453 connect() failed (10061: No connection could be made because the target machine actively refused it) while connecting to upstream, client: 192.168.0.105, server: localhost, request: "OPTIONS /order/getOrderByConId HTTP/1.1", upstream: "http://[::1]:8081/order/getOrderByConId", host: "192.168.0.105"
2022/08/10 21:35:51 [error] 19744#24296: *1807 connect() failed (10061: No connection could be made because the target machine actively refused it) while connecting to upstream, client: 192.168.0.105, server: localhost, request: "OPTIONS /song/getPartSong HTTP/1.1", upstream: "http://127.0.0.1:8083/song/getPartSong", host: "192.168.0.105"
2022/08/10 21:35:53 [error] 19744#24296: *1807 connect() failed (10061: No connection could be made because the target machine actively refused it) while connecting to upstream, client: 192.168.0.105, server: localhost, request: "OPTIONS /song/getPartSong HTTP/1.1", upstream: "http://[::1]:8083/song/getPartSong", host: "192.168.0.105"
2022/08/10 21:36:14 [error] 19744#24296: *1813 no live upstreams while connecting to upstream, client: 192.168.0.105, server: localhost, request: "OPTIONS /singer/getPartSinger HTTP/1.1", upstream: "http://localhost/singer/getPartSinger", host: "192.168.0.105"
2022/08/10 21:36:14 [error] 19744#24296: *1814 no live upstreams while connecting to upstream, client: 192.168.0.105, server: localhost, request: "OPTIONS /song/getPartSong HTTP/1.1", upstream: "http://localhost/song/getPartSong", host: "192.168.0.105"
2022/08/10 22:41:50 [error] 19744#24296: *2831 connect() failed (10061: No connection could be made because the target machine actively refused it) while connecting to upstream, client: 127.0.0.1, server: localhost, request: "GET /loginController/consumerIsLogin HTTP/1.1", upstream: "http://[::1]:8083/loginController/consumerIsLogin", host: "localhost", referrer: "http://localhost:8080/"
2022/08/10 22:41:50 [error] 19744#24296: *2832 connect() failed (10061: No connection could be made because the target machine actively refused it) while connecting to upstream, client: 127.0.0.1, server: localhost, request: "GET /song/getAllList?singerId=1 HTTP/1.1", upstream: "http://127.0.0.1:8083/song/getAllList?singerId=1", host: "localhost", referrer: "http://localhost:8080/"
2022/08/10 22:41:50 [error] 19744#24296: *2832 no live upstreams while connecting to upstream, client: 127.0.0.1, server: localhost, request: "GET /song/getAllList?singerId=1 HTTP/1.1", upstream: "http://localhost/song/getAllList?singerId=1", host: "localhost", referrer: "http://localhost:8080/"
2022/08/10 22:41:51 [error] 19744#24296: *2833 connect() failed (10061: No connection could be made because the target machine actively refused it) while connecting to upstream, client: 127.0.0.1, server: localhost, request: "GET /song/getSongPage?currentPage=1&pageSize=4&singerId=1 HTTP/1.1", upstream: "http://[::1]:8083/song/getSongPage?currentPage=1&pageSize=4&singerId=1", host: "localhost", referrer: "http://localhost:8080/"
2022/08/10 22:41:51 [error] 19744#24296: *2833 no live upstreams while connecting to upstream, client: 127.0.0.1, server: localhost, request: "GET /song/getSongPage?currentPage=1&pageSize=4&singerId=1 HTTP/1.1", upstream: "http://localhost/song/getSongPage?currentPage=1&pageSize=4&singerId=1", host: "localhost", referrer: "http://localhost:8080/"
2022/08/10 22:41:53 [error] 19744#24296: *2831 connect() failed (10061: No connection could be made because the target machine actively refused it) while connecting to upstream, client: 127.0.0.1, server: localhost, request: "GET /loginController/consumerIsLogin HTTP/1.1", upstream: "http://127.0.0.1:8083/loginController/consumerIsLogin", host: "localhost", referrer: "http://localhost:8080/"
2022/08/10 22:42:12 [error] 19744#24296: *2832 no live upstreams while connecting to upstream, client: 127.0.0.1, server: localhost, request: "GET /song/getSongPage?currentPage=1&pageSize=4&singerId=1 HTTP/1.1", upstream: "http://localhost/song/getSongPage?currentPage=1&pageSize=4&singerId=1", host: "localhost", referrer: "http://localhost:8080/"
2022/08/11 15:35:02 [notice] 14836#24500: signal process started
2022/08/11 15:38:12 [notice] 1848#16920: signal process started
2022/08/11 15:38:15 [notice] 19700#15040: signal process started
2022/08/11 15:42:07 [notice] 748#14828: signal process started
2022/08/11 15:42:07 [notice] 5464#8988: signal process started
2022/08/11 15:47:18 [error] 8632#23884: *256 connect() failed (10060: A connection attempt failed because the connected party did not properly respond after a period of time, or established connection failed because connected host has failed to respond) while connecting to upstream, client: 127.0.0.1, server: localhost, request: "GET /music/img/songList/songListDefault.jpeg HTTP/1.1", upstream: "http://120.25.161.31:9000/music/img/songList/songListDefault.jpeg", host: "localhost", referrer: "http://localhost:8082/"
2022/08/11 15:47:19 [error] 8632#23884: *258 connect() failed (10060: A connection attempt failed because the connected party did not properly respond after a period of time, or established connection failed because connected host has failed to respond) while connecting to upstream, client: 127.0.0.1, server: localhost, request: "GET /music/img/singerPic/2022-07-30/20220730172646ba8506c77dd747a590ba2b046659a4cc.jpeg HTTP/1.1", upstream: "http://120.25.161.31:9000/music/img/singerPic/2022-07-30/20220730172646ba8506c77dd747a590ba2b046659a4cc.jpeg", host: "localhost", referrer: "http://localhost:8082/"
2022/08/11 15:47:19 [error] 8632#23884: *259 connect() failed (10060: A connection attempt failed because the connected party did not properly respond after a period of time, or established connection failed because connected host has failed to respond) while connecting to upstream, client: 127.0.0.1, server: localhost, request: "GET /music/img/singerPic/2022-07-30/20220730172653ad85cbf0725e49069713b8167b3d7cec.jpeg HTTP/1.1", upstream: "http://120.25.161.31:9000/music/img/singerPic/2022-07-30/20220730172653ad85cbf0725e49069713b8167b3d7cec.jpeg", host: "localhost", referrer: "http://localhost:8082/"
2022/08/11 15:47:19 [error] 8632#23884: *262 connect() failed (10060: A connection attempt failed because the connected party did not properly respond after a period of time, or established connection failed because connected host has failed to respond) while connecting to upstream, client: 127.0.0.1, server: localhost, request: "GET /music/img/singerPic/singerPicDefault.jpeg HTTP/1.1", upstream: "http://120.25.161.31:9000/music/img/singerPic/singerPicDefault.jpeg", host: "localhost", referrer: "http://localhost:8082/"
2022/08/11 15:47:30 [error] 8632#23884: *264 connect() failed (10060: A connection attempt failed because the connected party did not properly respond after a period of time, or established connection failed because connected host has failed to respond) while connecting to upstream, client: 127.0.0.1, server: localhost, request: "GET /music/img/consumer/2022-08-10/20220810170752c4ce33849490493a9473bbbded19e237.jpg HTTP/1.1", upstream: "http://120.25.161.31:9000/music/img/consumer/2022-08-10/20220810170752c4ce33849490493a9473bbbded19e237.jpg", host: "localhost"
2022/08/11 15:47:34 [error] 8632#23884: *275 connect() failed (10060: A connection attempt failed because the connected party did not properly respond after a period of time, or established connection failed because connected host has failed to respond) while connecting to upstream, client: 127.0.0.1, server: localhost, request: "GET /music/img/musicPic/songDefault.jpeg HTTP/1.1", upstream: "http://120.25.161.31:9000/music/img/musicPic/songDefault.jpeg", host: "localhost", referrer: "http://localhost:8082/"
2022/08/11 15:47:40 [error] 8632#23884: *277 connect() failed (10060: A connection attempt failed because the connected party did not properly respond after a period of time, or established connection failed because connected host has failed to respond) while connecting to upstream, client: 127.0.0.1, server: localhost, request: "GET /music/music/store/2022-07-31/202207311752007ade2a6cc6f041949d2ccf1cca0211a2.mp3 HTTP/1.1", upstream: "http://120.25.161.31:9000/music/music/store/2022-07-31/202207311752007ade2a6cc6f041949d2ccf1cca0211a2.mp3", host: "localhost"
2022/08/11 15:48:10 [error] 8632#23884: *284 connect() failed (10060: A connection attempt failed because the connected party did not properly respond after a period of time, or established connection failed because connected host has failed to respond) while connecting to upstream, client: 127.0.0.1, server: localhost, request: "GET /music/img/consumer/2022-08-10/20220810170752c4ce33849490493a9473bbbded19e237.jpg HTTP/1.1", upstream: "http://120.25.161.31:9000/music/img/consumer/2022-08-10/20220810170752c4ce33849490493a9473bbbded19e237.jpg", host: "localhost"
2022/08/11 15:48:10 [error] 8632#23884: *286 connect() failed (10060: A connection attempt failed because the connected party did not properly respond after a period of time, or established connection failed because connected host has failed to respond) while connecting to upstream, client: 127.0.0.1, server: localhost, request: "GET /music/img/songList/songListDefault.jpeg HTTP/1.1", upstream: "http://120.25.161.31:9000/music/img/songList/songListDefault.jpeg", host: "localhost", referrer: "http://localhost:8082/"
2022/08/11 15:48:10 [error] 8632#23884: *287 connect() failed (10060: A connection attempt failed because the connected party did not properly respond after a period of time, or established connection failed because connected host has failed to respond) while connecting to upstream, client: 127.0.0.1, server: localhost, request: "GET /music/img/singerPic/2022-07-30/20220730172646ba8506c77dd747a590ba2b046659a4cc.jpeg HTTP/1.1", upstream: "http://120.25.161.31:9000/music/img/singerPic/2022-07-30/20220730172646ba8506c77dd747a590ba2b046659a4cc.jpeg", host: "localhost", referrer: "http://localhost:8082/"
2022/08/11 15:48:10 [error] 8632#23884: *291 connect() failed (10060: A connection attempt failed because the connected party did not properly respond after a period of time, or established connection failed because connected host has failed to respond) while connecting to upstream, client: 127.0.0.1, server: localhost, request: "GET /music/img/singerPic/singerPicDefault.jpeg HTTP/1.1", upstream: "http://120.25.161.31:9000/music/img/singerPic/singerPicDefault.jpeg", host: "localhost", referrer: "http://localhost:8082/"
2022/08/11 15:48:10 [error] 8632#23884: *290 connect() failed (10060: A connection attempt failed because the connected party did not properly respond after a period of time, or established connection failed because connected host has failed to respond) while connecting to upstream, client: 127.0.0.1, server: localhost, request: "GET /music/img/singerPic/2022-07-30/20220730172653ad85cbf0725e49069713b8167b3d7cec.jpeg HTTP/1.1", upstream: "http://120.25.161.31:9000/music/img/singerPic/2022-07-30/20220730172653ad85cbf0725e49069713b8167b3d7cec.jpeg", host: "localhost", referrer: "http://localhost:8082/"
2022/08/14 14:24:01 [error] 14784#11808: *1 connect() failed (10061: No connection could be made because the target machine actively refused it) while connecting to upstream, client: 192.168.0.105, server: localhost, request: "OPTIONS /loginController/consumerIsLogin HTTP/1.1", upstream: "http://[::1]:8083/loginController/consumerIsLogin", host: "192.168.0.105"
2022/08/14 14:24:01 [error] 14784#11808: *8 connect() failed (10061: No connection could be made because the target machine actively refused it) while connecting to upstream, client: 192.168.0.105, server: localhost, request: "OPTIONS /song/getPartSong HTTP/1.1", upstream: "http://127.0.0.1:8083/song/getPartSong", host: "192.168.0.105"
2022/08/14 14:24:01 [error] 14784#11808: *8 no live upstreams while connecting to upstream, client: 192.168.0.105, server: localhost, request: "OPTIONS /song/getPartSong HTTP/1.1", upstream: "http://localhost/song/getPartSong", host: "192.168.0.105"
2022/08/14 14:24:03 [error] 14784#11808: *1 connect() failed (10061: No connection could be made because the target machine actively refused it) while connecting to upstream, client: 192.168.0.105, server: localhost, request: "OPTIONS /loginController/consumerIsLogin HTTP/1.1", upstream: "http://127.0.0.1:8083/loginController/consumerIsLogin", host: "192.168.0.105"
2022/08/14 14:24:23 [error] 14784#11808: *28 connect() failed (10061: No connection could be made because the target machine actively refused it) while connecting to upstream, client: 192.168.0.105, server: localhost, request: "OPTIONS /song/getAllList?singerId=2 HTTP/1.1", upstream: "http://[::1]:8083/song/getAllList?singerId=2", host: "192.168.0.105"
2022/08/14 14:24:23 [error] 14784#11808: *28 no live upstreams while connecting to upstream, client: 192.168.0.105, server: localhost, request: "OPTIONS /song/getAllList?singerId=2 HTTP/1.1", upstream: "http://localhost/song/getAllList?singerId=2", host: "192.168.0.105"
2022/08/14 14:24:23 [error] 14784#11808: *40 connect() failed (10061: No connection could be made because the target machine actively refused it) while connecting to upstream, client: 192.168.0.105, server: localhost, request: "OPTIONS /song/getSongPage?currentPage=1&pageSize=5&singerId=2 HTTP/1.1", upstream: "http://127.0.0.1:8083/song/getSongPage?currentPage=1&pageSize=5&singerId=2", host: "192.168.0.105"
2022/08/14 14:24:23 [error] 14784#11808: *40 no live upstreams while connecting to upstream, client: 192.168.0.105, server: localhost, request: "OPTIONS /song/getSongPage?currentPage=1&pageSize=5&singerId=2 HTTP/1.1", upstream: "http://localhost/song/getSongPage?currentPage=1&pageSize=5&singerId=2", host: "192.168.0.105"
2022/08/14 14:24:24 [error] 14784#11808: *54 no live upstreams while connecting to upstream, client: 192.168.0.105, server: localhost, request: "OPTIONS /song/getAllList HTTP/1.1", upstream: "http://localhost/song/getAllList", host: "192.168.0.105"
2022/08/14 14:24:24 [error] 14784#11808: *54 no live upstreams while connecting to upstream, client: 192.168.0.105, server: localhost, request: "OPTIONS /song/getSongPage?currentPage=1&pageSize=5&singerId=undefined HTTP/1.1", upstream: "http://localhost/song/getSongPage?currentPage=1&pageSize=5&singerId=undefined", host: "192.168.0.105"
2022/08/14 14:24:28 [error] 14784#11808: *54 no live upstreams while connecting to upstream, client: 192.168.0.105, server: localhost, request: "OPTIONS /song/getPartSong HTTP/1.1", upstream: "http://localhost/song/getPartSong", host: "192.168.0.105"
2022/08/14 14:24:36 [error] 14784#11808: *68 connect() failed (10061: No connection could be made because the target machine actively refused it) while connecting to upstream, client: 192.168.0.105, server: localhost, request: "OPTIONS /loginController/consumerIsLogin HTTP/1.1", upstream: "http://[::1]:8083/loginController/consumerIsLogin", host: "192.168.0.105"
2022/08/14 14:24:36 [error] 14784#11808: *68 no live upstreams while connecting to upstream, client: 192.168.0.105, server: localhost, request: "OPTIONS /loginController/consumerIsLogin HTTP/1.1", upstream: "http://localhost/loginController/consumerIsLogin", host: "192.168.0.105"
2022/08/14 14:24:36 [error] 14784#11808: *71 connect() failed (10061: No connection could be made because the target machine actively refused it) while connecting to upstream, client: 192.168.0.105, server: localhost, request: "OPTIONS /song/getPartSong HTTP/1.1", upstream: "http://127.0.0.1:8083/song/getPartSong", host: "192.168.0.105"
2022/08/14 14:24:36 [error] 14784#11808: *71 no live upstreams while connecting to upstream, client: 192.168.0.105, server: localhost, request: "OPTIONS /song/getPartSong HTTP/1.1", upstream: "http://localhost/song/getPartSong", host: "192.168.0.105"
2022/08/14 14:24:37 [error] 14784#11808: *80 no live upstreams while connecting to upstream, client: 192.168.0.105, server: localhost, request: "OPTIONS /song/getSongBySongListIdPage?currentPage=1&pageSize=5&songListId=32 HTTP/1.1", upstream: "http://localhost/song/getSongBySongListIdPage?currentPage=1&pageSize=5&songListId=32", host: "192.168.0.105"
2022/08/14 14:24:43 [error] 14784#11808: *102 no live upstreams while connecting to upstream, client: 192.168.0.105, server: localhost, request: "OPTIONS /song/getSongBySongListIdPage?currentPage=1&pageSize=5&songListId=undefined HTTP/1.1", upstream: "http://localhost/song/getSongBySongListIdPage?currentPage=1&pageSize=5&songListId=undefined", host: "192.168.0.105"
2022/08/14 14:24:43 [error] 14784#11808: *102 no live upstreams while connecting to upstream, client: 192.168.0.105, server: localhost, request: "OPTIONS /song/getPartSong HTTP/1.1", upstream: "http://localhost/song/getPartSong", host: "192.168.0.105"
2022/08/14 14:25:03 [error] 14784#11808: *121 connect() failed (10061: No connection could be made because the target machine actively refused it) while connecting to upstream, client: 192.168.0.105, server: localhost, request: "OPTIONS /loginController/consumerIsLogin HTTP/1.1", upstream: "http://[::1]:8083/loginController/consumerIsLogin", host: "192.168.0.105"
2022/08/14 14:25:03 [error] 14784#11808: *121 no live upstreams while connecting to upstream, client: 192.168.0.105, server: localhost, request: "OPTIONS /loginController/consumerIsLogin HTTP/1.1", upstream: "http://localhost/loginController/consumerIsLogin", host: "192.168.0.105"
2022/08/14 14:25:03 [error] 14784#11808: *125 connect() failed (10061: No connection could be made because the target machine actively refused it) while connecting to upstream, client: 192.168.0.105, server: localhost, request: "OPTIONS /song/getPartSong HTTP/1.1", upstream: "http://127.0.0.1:8083/song/getPartSong", host: "192.168.0.105"
2022/08/14 14:25:03 [error] 14784#11808: *125 no live upstreams while connecting to upstream, client: 192.168.0.105, server: localhost, request: "OPTIONS /song/getPartSong HTTP/1.1", upstream: "http://localhost/song/getPartSong", host: "192.168.0.105"
2022/08/14 14:26:31 [notice] 13144#1592: signal process started
2022/08/14 14:26:44 [error] 21848#14280: *131 connect() failed (10061: No connection could be made because the target machine actively refused it) while connecting to upstream, client: 192.168.0.105, server: localhost, request: "OPTIONS /loginController/consumerIsLogin HTTP/1.1", upstream: "http://[::1]:8083/loginController/consumerIsLogin", host: "192.168.0.105"
2022/08/14 14:26:46 [error] 21848#14280: *131 connect() failed (10061: No connection could be made because the target machine actively refused it) while connecting to upstream, client: 192.168.0.105, server: localhost, request: "OPTIONS /loginController/consumerIsLogin HTTP/1.1", upstream: "http://127.0.0.1:8083/loginController/consumerIsLogin", host: "192.168.0.105"
2022/08/14 14:27:08 [error] 21848#14280: *146 connect() failed (10061: No connection could be made because the target machine actively refused it) while connecting to upstream, client: 192.168.0.105, server: localhost, request: "OPTIONS /loginController/consumerLogout HTTP/1.1", upstream: "http://127.0.0.1:8083/loginController/consumerLogout", host: "192.168.0.105"
2022/08/14 14:27:10 [error] 21848#14280: *146 connect() failed (10061: No connection could be made because the target machine actively refused it) while connecting to upstream, client: 192.168.0.105, server: localhost, request: "OPTIONS /loginController/consumerLogout HTTP/1.1", upstream: "http://[::1]:8083/loginController/consumerLogout", host: "192.168.0.105"
2022/08/14 14:27:12 [error] 21848#14280: *146 no live upstreams while connecting to upstream, client: 192.168.0.105, server: localhost, request: "OPTIONS /loginController/login HTTP/1.1", upstream: "http://localhost/loginController/login", host: "192.168.0.105"
2022/08/14 14:27:15 [error] 21848#14280: *146 no live upstreams while connecting to upstream, client: 192.168.0.105, server: localhost, request: "OPTIONS /loginController/login HTTP/1.1", upstream: "http://localhost/loginController/login", host: "192.168.0.105"
2022/08/14 14:27:15 [error] 21848#14280: *146 no live upstreams while connecting to upstream, client: 192.168.0.105, server: localhost, request: "OPTIONS /loginController/login HTTP/1.1", upstream: "http://localhost/loginController/login", host: "192.168.0.105"
2022/08/14 14:28:17 [notice] 6544#21872: signal process started
2022/08/14 14:46:06 [error] 7136#4068: *273 connect() failed (10061: No connection could be made because the target machine actively refused it) while connecting to upstream, client: 192.168.0.105, server: localhost, request: "OPTIONS /search/fileIsExist?url=music%2Fstore%2F2022-07-31%2F202207311752007ade2a6cc6f041949d2ccf1cca0211a2.mp3 HTTP/1.1", upstream: "http://[::1]:8083/search/fileIsExist?url=music%2Fstore%2F2022-07-31%2F202207311752007ade2a6cc6f041949d2ccf1cca0211a2.mp3", host: "192.168.0.105"
2022/08/14 14:46:08 [error] 7136#4068: *273 connect() failed (10061: No connection could be made because the target machine actively refused it) while connecting to upstream, client: 192.168.0.105, server: localhost, request: "OPTIONS /search/fileIsExist?url=music%2Fstore%2F2022-07-31%2F202207311752007ade2a6cc6f041949d2ccf1cca0211a2.mp3 HTTP/1.1", upstream: "http://127.0.0.1:8083/search/fileIsExist?url=music%2Fstore%2F2022-07-31%2F202207311752007ade2a6cc6f041949d2ccf1cca0211a2.mp3", host: "192.168.0.105"
2022/08/14 14:46:21 [error] 7136#4068: *273 connect() failed (10061: No connection could be made because the target machine actively refused it) while connecting to upstream, client: 192.168.0.105, server: localhost, request: "OPTIONS /search/fileIsExist?url=music%2Fstore%2F2022-07-31%2F202207311752007ade2a6cc6f041949d2ccf1cca0211a2.mp3 HTTP/1.1", upstream: "http://127.0.0.1:8083/search/fileIsExist?url=music%2Fstore%2F2022-07-31%2F202207311752007ade2a6cc6f041949d2ccf1cca0211a2.mp3", host: "192.168.0.105"
2022/08/14 14:46:24 [error] 7136#4068: *273 connect() failed (10061: No connection could be made because the target machine actively refused it) while connecting to upstream, client: 192.168.0.105, server: localhost, request: "OPTIONS /search/fileIsExist?url=music%2Fstore%2F2022-07-31%2F202207311752007ade2a6cc6f041949d2ccf1cca0211a2.mp3 HTTP/1.1", upstream: "http://[::1]:8083/search/fileIsExist?url=music%2Fstore%2F2022-07-31%2F202207311752007ade2a6cc6f041949d2ccf1cca0211a2.mp3", host: "192.168.0.105"
2022/08/14 14:46:35 [error] 7136#4068: *278 connect() failed (10061: No connection could be made because the target machine actively refused it) while connecting to upstream, client: 192.168.0.105, server: localhost, request: "GET /search/fileIsExist?url=music%2Fstore%2F2022-07-31%2F202207311752007ade2a6cc6f041949d2ccf1cca0211a2.mp3 HTTP/1.1", upstream: "http://127.0.0.1:8083/search/fileIsExist?url=music%2Fstore%2F2022-07-31%2F202207311752007ade2a6cc6f041949d2ccf1cca0211a2.mp3", host: "192.168.0.105"
2022/08/14 14:46:37 [error] 7136#4068: *278 connect() failed (10061: No connection could be made because the target machine actively refused it) while connecting to upstream, client: 192.168.0.105, server: localhost, request: "GET /search/fileIsExist?url=music%2Fstore%2F2022-07-31%2F202207311752007ade2a6cc6f041949d2ccf1cca0211a2.mp3 HTTP/1.1", upstream: "http://[::1]:8083/search/fileIsExist?url=music%2Fstore%2F2022-07-31%2F202207311752007ade2a6cc6f041949d2ccf1cca0211a2.mp3", host: "192.168.0.105"
2022/08/14 14:47:08 [error] 7136#4068: *273 connect() failed (10061: No connection could be made because the target machine actively refused it) while connecting to upstream, client: 192.168.0.105, server: localhost, request: "OPTIONS /search/fileIsExist?url=music%2Fstore%2F2022-07-31%2F202207311752007ade2a6cc6f041949d2ccf1cca0211a2.mp3 HTTP/1.1", upstream: "http://127.0.0.1:8083/search/fileIsExist?url=music%2Fstore%2F2022-07-31%2F202207311752007ade2a6cc6f041949d2ccf1cca0211a2.mp3", host: "192.168.0.105"
2022/08/14 14:47:10 [error] 7136#4068: *273 connect() failed (10061: No connection could be made because the target machine actively refused it) while connecting to upstream, client: 192.168.0.105, server: localhost, request: "OPTIONS /search/fileIsExist?url=music%2Fstore%2F2022-07-31%2F202207311752007ade2a6cc6f041949d2ccf1cca0211a2.mp3 HTTP/1.1", upstream: "http://[::1]:8083/search/fileIsExist?url=music%2Fstore%2F2022-07-31%2F202207311752007ade2a6cc6f041949d2ccf1cca0211a2.mp3", host: "192.168.0.105"
2022/08/14 14:52:44 [error] 7136#4068: *344 connect() failed (10061: No connection could be made because the target machine actively refused it) while connecting to upstream, client: 192.168.0.105, server: localhost, request: "OPTIONS /search/fileIsExist?url=music%2Fstore%2F2022-07-31%2F202207311752007ade2a6cc6f041949d2ccf1cca0211a2.mp3 HTTP/1.1", upstream: "http://127.0.0.1:8083/search/fileIsExist?url=music%2Fstore%2F2022-07-31%2F202207311752007ade2a6cc6f041949d2ccf1cca0211a2.mp3", host: "192.168.0.105"
2022/08/14 14:52:46 [error] 7136#4068: *344 connect() failed (10061: No connection could be made because the target machine actively refused it) while connecting to upstream, client: 192.168.0.105, server: localhost, request: "OPTIONS /search/fileIsExist?url=music%2Fstore%2F2022-07-31%2F202207311752007ade2a6cc6f041949d2ccf1cca0211a2.mp3 HTTP/1.1", upstream: "http://[::1]:8083/search/fileIsExist?url=music%2Fstore%2F2022-07-31%2F202207311752007ade2a6cc6f041949d2ccf1cca0211a2.mp3", host: "192.168.0.105"
2022/08/14 16:32:45 [notice] 4168#15800: signal process started
2022/08/14 17:26:25 [notice] 16012#15156: signal process started
2022/08/14 18:17:07 [error] 23772#22032: *1875 connect() failed (10061: No connection could be made because the target machine actively refused it) while connecting to upstream, client: 192.168.0.105, server: localhost, request: "GET /songList/songListGetById?id=17 HTTP/1.1", upstream: "http://[::1]:8092/songList/songListGetById?id=17", host: "192.168.0.105"
2022/08/14 18:17:07 [error] 23772#22032: *1880 connect() failed (10061: No connection could be made because the target machine actively refused it) while connecting to upstream, client: 192.168.0.105, server: localhost, request: "GET /songList/getLikeSongList?id=17 HTTP/1.1", upstream: "http://[::1]:8092/songList/getLikeSongList?id=17", host: "192.168.0.105"
2022/08/14 18:17:07 [error] 23772#22032: *1877 connect() failed (10061: No connection could be made because the target machine actively refused it) while connecting to upstream, client: 192.168.0.105, server: localhost, request: "GET /song/getSongBySongListIdPage?currentPage=1&pageSize=5&songListId=17 HTTP/1.1", upstream: "http://127.0.0.1:8091/song/getSongBySongListIdPage?currentPage=1&pageSize=5&songListId=17", host: "192.168.0.105"
2022/08/14 18:17:07 [error] 23772#22032: *1878 connect() failed (10061: No connection could be made because the target machine actively refused it) while connecting to upstream, client: 192.168.0.105, server: localhost, request: "OPTIONS /songList/getPartSongList HTTP/1.1", upstream: "http://127.0.0.1:8092/songList/getPartSongList", host: "192.168.0.105"
2022/08/14 18:17:07 [error] 23772#22032: *1878 no live upstreams while connecting to upstream, client: 192.168.0.105, server: localhost, request: "OPTIONS /songList/getPartSongList HTTP/1.1", upstream: "http://localhost/songList/getPartSongList", host: "192.168.0.105"
2022/08/14 18:17:09 [error] 23772#22032: *1875 connect() failed (10061: No connection could be made because the target machine actively refused it) while connecting to upstream, client: 192.168.0.105, server: localhost, request: "GET /songList/songListGetById?id=17 HTTP/1.1", upstream: "http://127.0.0.1:8092/songList/songListGetById?id=17", host: "192.168.0.105"
2022/08/14 18:17:09 [error] 23772#22032: *1880 connect() failed (10061: No connection could be made because the target machine actively refused it) while connecting to upstream, client: 192.168.0.105, server: localhost, request: "GET /songList/getLikeSongList?id=17 HTTP/1.1", upstream: "http://127.0.0.1:8092/songList/getLikeSongList?id=17", host: "192.168.0.105"
2022/08/14 18:17:09 [error] 23772#22032: *1877 connect() failed (10061: No connection could be made because the target machine actively refused it) while connecting to upstream, client: 192.168.0.105, server: localhost, request: "GET /song/getSongBySongListIdPage?currentPage=1&pageSize=5&songListId=17 HTTP/1.1", upstream: "http://[::1]:8091/song/getSongBySongListIdPage?currentPage=1&pageSize=5&songListId=17", host: "192.168.0.105"
2022/08/14 18:19:20 [notice] 6492#10604: signal process started
2022/08/14 18:19:34 [error] 11852#4676: *1917 CreateFile() "G:\java\nginx-1.22.0\nginx-1.22.0/html/dist/music/undefined" failed (3: The system cannot find the path specified), client: 127.0.0.1, server: localhost, request: "GET /music/undefined HTTP/1.1", host: "localhost", referrer: "http://localhost:8082/"
2022/08/14 18:19:34 [error] 11852#4676: *1918 "G:\java\nginx-1.22.0\nginx-1.22.0/html/dist/music/index.html" is not found (3: The system cannot find the path specified), client: 127.0.0.1, server: localhost, request: "GET /music/ HTTP/1.1", host: "localhost"
2022/08/14 18:22:30 [notice] 21752#18224: signal process started
2022/08/14 18:23:40 [error] 19984#8900: *1934 connect() failed (10061: No connection could be made because the target machine actively refused it) while connecting to upstream, client: 192.168.0.105, server: localhost, request: "GET /listSong/songforSongListGetAll?songListId=17 HTTP/1.1", upstream: "http://[::1]:8098/listSong/songforSongListGetAll?songListId=17", host: "192.168.0.105"
2022/08/14 18:23:40 [error] 19984#8900: *1935 connect() failed (10061: No connection could be made because the target machine actively refused it) while connecting to upstream, client: 192.168.0.105, server: localhost, request: "GET /song/getSongBySongListIdPage?currentPage=1&pageSize=5&songListId=17 HTTP/1.1", upstream: "http://[::1]:8091/song/getSongBySongListIdPage?currentPage=1&pageSize=5&songListId=17", host: "192.168.0.105"
2022/08/14 18:23:42 [error] 19984#8900: *1934 connect() failed (10061: No connection could be made because the target machine actively refused it) while connecting to upstream, client: 192.168.0.105, server: localhost, request: "GET /listSong/songforSongListGetAll?songListId=17 HTTP/1.1", upstream: "http://127.0.0.1:8098/listSong/songforSongListGetAll?songListId=17", host: "192.168.0.105"
2022/08/14 18:23:42 [error] 19984#8900: *1935 connect() failed (10061: No connection could be made because the target machine actively refused it) while connecting to upstream, client: 192.168.0.105, server: localhost, request: "GET /song/getSongBySongListIdPage?currentPage=1&pageSize=5&songListId=17 HTTP/1.1", upstream: "http://127.0.0.1:8091/song/getSongBySongListIdPage?currentPage=1&pageSize=5&songListId=17", host: "192.168.0.105"
2022/08/14 18:34:13 [error] 19984#8900: *1961 connect() failed (10061: No connection could be made because the target machine actively refused it) while connecting to upstream, client: 192.168.0.105, server: localhost, request: "GET /listSong/songforSongListGetAll?songListId=17 HTTP/1.1", upstream: "http://127.0.0.1:8098/listSong/songforSongListGetAll?songListId=17", host: "192.168.0.105"
2022/08/14 18:34:13 [error] 19984#8900: *1962 connect() failed (10061: No connection could be made because the target machine actively refused it) while connecting to upstream, client: 192.168.0.105, server: localhost, request: "GET /song/getSongBySongListIdPage?currentPage=1&pageSize=5&songListId=17 HTTP/1.1", upstream: "http://127.0.0.1:8091/song/getSongBySongListIdPage?currentPage=1&pageSize=5&songListId=17", host: "192.168.0.105"
2022/08/14 18:34:15 [error] 19984#8900: *1961 connect() failed (10061: No connection could be made because the target machine actively refused it) while connecting to upstream, client: 192.168.0.105, server: localhost, request: "GET /listSong/songforSongListGetAll?songListId=17 HTTP/1.1", upstream: "http://[::1]:8098/listSong/songforSongListGetAll?songListId=17", host: "192.168.0.105"
2022/08/14 18:34:15 [error] 19984#8900: *1962 connect() failed (10061: No connection could be made because the target machine actively refused it) while connecting to upstream, client: 192.168.0.105, server: localhost, request: "GET /song/getSongBySongListIdPage?currentPage=1&pageSize=5&songListId=17 HTTP/1.1", upstream: "http://[::1]:8091/song/getSongBySongListIdPage?currentPage=1&pageSize=5&songListId=17", host: "192.168.0.105"
2022/08/14 18:35:48 [error] 19984#8900: *1990 connect() failed (10061: No connection could be made because the target machine actively refused it) while connecting to upstream, client: 192.168.0.105, server: localhost, request: "GET /listSong/songforSongListGetAll?songListId=17 HTTP/1.1", upstream: "http://127.0.0.1:8098/listSong/songforSongListGetAll?songListId=17", host: "192.168.0.105"
2022/08/14 18:35:48 [error] 19984#8900: *1991 connect() failed (10061: No connection could be made because the target machine actively refused it) while connecting to upstream, client: 192.168.0.105, server: localhost, request: "GET /song/getSongBySongListIdPage?currentPage=1&pageSize=5&songListId=17 HTTP/1.1", upstream: "http://127.0.0.1:8091/song/getSongBySongListIdPage?currentPage=1&pageSize=5&songListId=17", host: "192.168.0.105"
2022/08/14 18:35:50 [error] 19984#8900: *1990 connect() failed (10061: No connection could be made because the target machine actively refused it) while connecting to upstream, client: 192.168.0.105, server: localhost, request: "GET /listSong/songforSongListGetAll?songListId=17 HTTP/1.1", upstream: "http://[::1]:8098/listSong/songforSongListGetAll?songListId=17", host: "192.168.0.105"
2022/08/14 18:35:50 [error] 19984#8900: *1991 connect() failed (10061: No connection could be made because the target machine actively refused it) while connecting to upstream, client: 192.168.0.105, server: localhost, request: "GET /song/getSongBySongListIdPage?currentPage=1&pageSize=5&songListId=17 HTTP/1.1", upstream: "http://[::1]:8091/song/getSongBySongListIdPage?currentPage=1&pageSize=5&songListId=17", host: "192.168.0.105"
